// Jest Snapshot v1, https://goo.gl/fbAQLP

exports[`show detailed external option with \`--help foo-string\` (stderr) 1`] = `""`;

exports[`show detailed external option with \`--help foo-string\` (stdout) 1`] = `
"--foo-string <string>

  foo description

Default: bar
"
`;

exports[`show detailed external option with \`--help foo-string\` (write) 1`] = `[]`;

exports[`show external options with \`--help\` 1`] = `
"Snapshot Diff:
- First value
+ Second value

@@ -26,10 +26,12 @@
                             Control how Prettier formats quoted code embedded in the file.
                             Defaults to auto.
    --end-of-line <lf|crlf|cr|auto>
                             Which end of line characters to apply.
                             Defaults to lf.
+   --foo-string <string>    foo description
+                            Defaults to bar.
    --force-object-break <preserve|forceSingleLine|forceMultiLine>
                             Controls line breaks in object literals
                             Defaults to preserve.
    --html-whitespace-sensitivity <css|strict|ignore>
                             How to handle whitespaces in HTML.
@@ -37,11 +39,11 @@
    --jsx-single-quote       Use single quotes in JSX.
                             Defaults to false.
    --matrix-array           Preserves arrays that resemble a matrix.
                             Defaults to true.
    --multi-empty-line       allow empty multi-line at the start and the end of blocks.
-   --parser <flow|babel|babel-flow|babel-ts|typescript|acorn|espree|meriyah|css|less|scss|json|json5|json-stringify|graphql|markdown|mdx|vue|yaml|glimmer|html|angular|lwc>
+   --parser <flow|babel|babel-flow|babel-ts|typescript|acorn|espree|meriyah|css|less|scss|json|json5|json-stringify|graphql|markdown|mdx|vue|yaml|glimmer|html|angular|lwc|foo-parser>
                             Which parser to use.
    --print-width <int>      The line length where Prettier will try wrap.
                             Defaults to 80.
    --prose-wrap <always|never|preserve>
                             How to wrap prose."
`;
